[INFO] [1791369377.682001052] [moveit_robot_model.robot_model]: Loading robot model 'evidence_arm'...
[INFO] [1791369377.682059589] [moveit_robot_model.robot_model]: No root/virtual joint specified in SRDF. Assuming fixed joint
[WARN] [1791369377.688464252] [moveit.ompl_planning.model_based_planning_context]: It looks like the planning volume was not specified.
[INFO] [1791369377.688761888] [moveit.ompl_planning.model_based_planning_context]: Planner configuration 'arm[PRM]' will use planner 'geometric::PRM'. Additional configuration parameters will be set when the planner is constructed.
{
	"budget_s" : 1.0,
	"collision_checked_states" : 120,
	"collision_valid" : true,
	"execution_completed" : true,
	"execution_error" : "",
	"execution_sim_s" : 3.0099999999997795,
	"execution_wall_s" : 0.55207327900000003,
	"goal_valid" : true,
	"moveit_code" : 1,
	"path_length_rad" : 1.1445527679902028,
	"planner" : "PRM",
	"planner_reported_s" : 0.010989773,
	"planning_success" : true,
	"planning_wall_s" : 0.011038344,
	"process_wall_s" : 0.60658838500000001,
	"scene" : 0,
	"scene_name" : "open_sweep",
	"seed" : 1001,
	"simulation_only" : true,
	"start_valid" : true,
	"status" : "success",
	"status_label" : "MEASURED",
	"tracking_max_rad" : 0.11564294667469799,
	"tracking_p95_rad" : 0.095774136956155553,
	"tracking_rmse_rad" : 0.05027242827839723,
	"tracking_samples" : 1806,
	"waypoints" : 16
}
