[INFO] [1791369376.382666111] [moveit_robot_model.robot_model]: Loading robot model 'evidence_arm'...
[INFO] [1791369376.382720397] [moveit_robot_model.robot_model]: No root/virtual joint specified in SRDF. Assuming fixed joint
[WARN] [1791369376.389711698] [moveit.ompl_planning.model_based_planning_context]: It looks like the planning volume was not specified.
[INFO] [1791369376.389975344] [moveit.ompl_planning.model_based_planning_context]: Planner configuration 'arm[PRM]' will use planner 'geometric::PRM'. Additional configuration parameters will be set when the planner is constructed.
{
	"budget_s" : 1.0,
	"collision_checked_states" : 120,
	"collision_valid" : true,
	"execution_completed" : true,
	"execution_error" : "",
	"execution_sim_s" : 3.0099999999997795,
	"execution_wall_s" : 0.57058727499999995,
	"goal_valid" : true,
	"moveit_code" : 1,
	"path_length_rad" : 1.1445521445977169,
	"planner" : "PRM",
	"planner_reported_s" : 0.014037317000000001,
	"planning_success" : true,
	"planning_wall_s" : 0.014099402,
	"process_wall_s" : 0.640536204,
	"scene" : 0,
	"scene_name" : "open_sweep",
	"seed" : 1000,
	"simulation_only" : true,
	"start_valid" : true,
	"status" : "success",
	"status_label" : "MEASURED",
	"tracking_max_rad" : 0.11564294667469799,
	"tracking_p95_rad" : 0.095774414725181889,
	"tracking_rmse_rad" : 0.05027249900815501,
	"tracking_samples" : 1806,
	"waypoints" : 16
}
