[INFO] [1791369373.673523556] [moveit_robot_model.robot_model]: Loading robot model 'evidence_arm'...
[INFO] [1791369373.673618639] [moveit_robot_model.robot_model]: No root/virtual joint specified in SRDF. Assuming fixed joint
[WARN] [1791369373.681070994] [moveit.ompl_planning.model_based_planning_context]: It looks like the planning volume was not specified.
[INFO] [1791369373.681375923] [moveit.ompl_planning.model_based_planning_context]: Planner configuration 'arm[RRTConnect]' will use planner 'geometric::RRTConnect'. Additional configuration parameters will be set when the planner is constructed.
{
	"budget_s" : 1.0,
	"collision_checked_states" : 120,
	"collision_valid" : true,
	"execution_completed" : true,
	"execution_error" : "",
	"execution_sim_s" : 3.0099999999997795,
	"execution_wall_s" : 0.55947401500000005,
	"goal_valid" : true,
	"moveit_code" : 1,
	"path_length_rad" : 1.144552787036458,
	"planner" : "RRTConnect",
	"planner_reported_s" : 0.011044931000000001,
	"planning_success" : true,
	"planning_wall_s" : 0.011108053999999999,
	"process_wall_s" : 0.62030559100000005,
	"scene" : 0,
	"scene_name" : "open_sweep",
	"seed" : 1000,
	"simulation_only" : true,
	"start_valid" : true,
	"status" : "success",
	"status_label" : "MEASURED",
	"tracking_max_rad" : 0.11564294667469799,
	"tracking_p95_rad" : 0.095774538690008404,
	"tracking_rmse_rad" : 0.050272592234873438,
	"tracking_samples" : 1806,
	"waypoints" : 16
}
