[INFO] [1791369374.971686427] [moveit_robot_model.robot_model]: Loading robot model 'evidence_arm'...
[INFO] [1791369374.971748705] [moveit_robot_model.robot_model]: No root/virtual joint specified in SRDF. Assuming fixed joint
[WARN] [1791369374.979177291] [moveit.ompl_planning.model_based_planning_context]: It looks like the planning volume was not specified.
[INFO] [1791369374.979497516] [moveit.ompl_planning.model_based_planning_context]: Planner configuration 'arm[RRTConnect]' will use planner 'geometric::RRTConnect'. Additional configuration parameters will be set when the planner is constructed.
{
	"budget_s" : 1.0,
	"collision_checked_states" : 120,
	"collision_valid" : true,
	"execution_completed" : true,
	"execution_error" : "",
	"execution_sim_s" : 3.0099999999997795,
	"execution_wall_s" : 0.60197364900000006,
	"goal_valid" : true,
	"moveit_code" : 1,
	"path_length_rad" : 1.1445514422664111,
	"planner" : "RRTConnect",
	"planner_reported_s" : 0.011488937999999999,
	"planning_success" : true,
	"planning_wall_s" : 0.011547416,
	"process_wall_s" : 0.65968774600000002,
	"scene" : 0,
	"scene_name" : "open_sweep",
	"seed" : 1001,
	"simulation_only" : true,
	"start_valid" : true,
	"status" : "success",
	"status_label" : "MEASURED",
	"tracking_max_rad" : 0.11564294667469799,
	"tracking_p95_rad" : 0.095774110395560608,
	"tracking_rmse_rad" : 0.050272389965601946,
	"tracking_samples" : 1806,
	"waypoints" : 16
}
