[INFO] [1791369380.312963915] [moveit_robot_model.robot_model]: Loading robot model 'evidence_arm'...
[INFO] [1791369380.313024013] [moveit_robot_model.robot_model]: No root/virtual joint specified in SRDF. Assuming fixed joint
[WARN] [1791369380.320107088] [moveit.ompl_planning.model_based_planning_context]: It looks like the planning volume was not specified.
[INFO] [1791369380.320392588] [moveit.ompl_planning.model_based_planning_context]: Planner configuration 'arm[RRTConnect]' will use planner 'geometric::RRTConnect'. Additional configuration parameters will be set when the planner is constructed.
{
	"budget_s" : 1.0,
	"collision_checked_states" : 120,
	"collision_valid" : true,
	"execution_completed" : true,
	"execution_error" : "",
	"execution_sim_s" : 3.0099999999997795,
	"execution_wall_s" : 0.57118188700000005,
	"goal_valid" : true,
	"moveit_code" : 1,
	"path_length_rad" : 1.1445574362048143,
	"planner" : "RRTConnect",
	"planner_reported_s" : 0.0011812210000000001,
	"planning_success" : true,
	"planning_wall_s" : 0.0012304830000000001,
	"process_wall_s" : 0.61851898999999999,
	"scene" : 1,
	"scene_name" : "open_reverse",
	"seed" : 1001,
	"simulation_only" : true,
	"start_valid" : true,
	"status" : "success",
	"status_label" : "MEASURED",
	"tracking_max_rad" : 0.134227401582657,
	"tracking_p95_rad" : 0.11536271127090392,
	"tracking_rmse_rad" : 0.052540740205822965,
	"tracking_samples" : 1806,
	"waypoints" : 16
}
