[INFO] [1791369379.007458938] [moveit_robot_model.robot_model]: Loading robot model 'evidence_arm'...
[INFO] [1791369379.007538358] [moveit_robot_model.robot_model]: No root/virtual joint specified in SRDF. Assuming fixed joint
[WARN] [1791369379.019538194] [moveit.ompl_planning.model_based_planning_context]: It looks like the planning volume was not specified.
[INFO] [1791369379.019949513] [moveit.ompl_planning.model_based_planning_context]: Planner configuration 'arm[RRTConnect]' will use planner 'geometric::RRTConnect'. Additional configuration parameters will be set when the planner is constructed.
{
	"budget_s" : 1.0,
	"collision_checked_states" : 120,
	"collision_valid" : true,
	"execution_completed" : true,
	"execution_error" : "",
	"execution_sim_s" : 3.0099999999997795,
	"execution_wall_s" : 0.58151355100000002,
	"goal_valid" : true,
	"moveit_code" : 1,
	"path_length_rad" : 1.1445515937932464,
	"planner" : "RRTConnect",
	"planner_reported_s" : 0.012380542,
	"planning_success" : true,
	"planning_wall_s" : 0.012477134000000001,
	"process_wall_s" : 0.65264358200000006,
	"scene" : 1,
	"scene_name" : "open_reverse",
	"seed" : 1000,
	"simulation_only" : true,
	"start_valid" : true,
	"status" : "success",
	"status_label" : "MEASURED",
	"tracking_max_rad" : 0.134227401582657,
	"tracking_p95_rad" : 0.11536281848755148,
	"tracking_rmse_rad" : 0.05254089677357654,
	"tracking_samples" : 1806,
	"waypoints" : 16
}
