[INFO] [1791369388.714604667] [moveit_robot_model.robot_model]: Loading robot model 'evidence_arm'...
[INFO] [1791369388.714666063] [moveit_robot_model.robot_model]: No root/virtual joint specified in SRDF. Assuming fixed joint
[WARN] [1791369388.721097061] [moveit.ompl_planning.model_based_planning_context]: It looks like the planning volume was not specified.
[INFO] [1791369388.721362861] [moveit.ompl_planning.model_based_planning_context]: Planner configuration 'arm[PRM]' will use planner 'geometric::PRM'. Additional configuration parameters will be set when the planner is constructed.
{
	"budget_s" : 1.0,
	"collision_checked_states" : 647,
	"collision_valid" : true,
	"execution_completed" : true,
	"execution_error" : "",
	"execution_sim_s" : 10.992999999999347,
	"execution_wall_s" : 1.3932453339999999,
	"goal_valid" : true,
	"moveit_code" : 1,
	"path_length_rad" : 7.4251419135327481,
	"planner" : "PRM",
	"planner_reported_s" : 0.40561786500000002,
	"planning_success" : true,
	"planning_wall_s" : 0.40586581999999999,
	"process_wall_s" : 1.8474038960000001,
	"scene" : 2,
	"scene_name" : "center_column",
	"seed" : 1001,
	"simulation_only" : true,
	"start_valid" : true,
	"status" : "success",
	"status_label" : "MEASURED",
	"tracking_max_rad" : 0.12851192089274915,
	"tracking_p95_rad" : 0.12246076350514537,
	"tracking_rmse_rad" : 0.053504524093114472,
	"tracking_samples" : 6600,
	"waypoints" : 108
}
