[INFO] [1791369394.234854639] [moveit_robot_model.robot_model]: Loading robot model 'evidence_arm'...
[INFO] [1791369394.234916459] [moveit_robot_model.robot_model]: No root/virtual joint specified in SRDF. Assuming fixed joint
[WARN] [1791369394.243350585] [moveit.ompl_planning.model_based_planning_context]: It looks like the planning volume was not specified.
[INFO] [1791369394.243668485] [moveit.ompl_planning.model_based_planning_context]: Planner configuration 'arm[PRM]' will use planner 'geometric::PRM'. Additional configuration parameters will be set when the planner is constructed.
{
	"budget_s" : 1.0,
	"collision_checked_states" : 156,
	"collision_valid" : true,
	"execution_completed" : true,
	"execution_error" : "",
	"execution_sim_s" : 3.8079999999996916,
	"execution_wall_s" : 0.64092808000000001,
	"goal_valid" : true,
	"moveit_code" : 1,
	"path_length_rad" : 1.4282782905061626,
	"planner" : "PRM",
	"planner_reported_s" : 0.19607179499999999,
	"planning_success" : true,
	"planning_wall_s" : 0.19615479499999999,
	"process_wall_s" : 0.89196835699999999,
	"scene" : 3,
	"scene_name" : "low_bar",
	"seed" : 1000,
	"simulation_only" : true,
	"start_valid" : true,
	"status" : "success",
	"status_label" : "MEASURED",
	"tracking_max_rad" : 1.0516919862074254,
	"tracking_p95_rad" : 0.72900181875339709,
	"tracking_rmse_rad" : 0.25186196915315806,
	"tracking_samples" : 2286,
	"waypoints" : 14
}
