[INFO] [1791369406.574657857] [moveit_robot_model.robot_model]: Loading robot model 'evidence_arm'...
[INFO] [1791369406.574717115] [moveit_robot_model.robot_model]: No root/virtual joint specified in SRDF. Assuming fixed joint
[WARN] [1791369406.581078655] [moveit.ompl_planning.model_based_planning_context]: It looks like the planning volume was not specified.
[INFO] [1791369406.581347489] [moveit.ompl_planning.model_based_planning_context]: Planner configuration 'arm[PRM]' will use planner 'geometric::PRM'. Additional configuration parameters will be set when the planner is constructed.
{
	"budget_s" : 1.0,
	"collision_checked_states" : 443,
	"collision_valid" : true,
	"execution_completed" : true,
	"execution_error" : "",
	"execution_sim_s" : 7.9260000000009816,
	"execution_wall_s" : 1.175163824,
	"goal_valid" : true,
	"moveit_code" : 1,
	"path_length_rad" : 4.4961717833930086,
	"planner" : "PRM",
	"planner_reported_s" : 0.096277254000000007,
	"planning_success" : true,
	"planning_wall_s" : 0.096416678000000006,
	"process_wall_s" : 1.3162240919999999,
	"scene" : 5,
	"scene_name" : "narrow_passage",
	"seed" : 1001,
	"simulation_only" : true,
	"start_valid" : true,
	"status" : "success",
	"status_label" : "MEASURED",
	"tracking_max_rad" : 0.14065495356547564,
	"tracking_p95_rad" : 0.095304560291230855,
	"tracking_rmse_rad" : 0.041301376710621687,
	"tracking_samples" : 4758,
	"waypoints" : 66
}
