[INFO] [1791369400.431141244] [moveit_robot_model.robot_model]: Loading robot model 'evidence_arm'...
[INFO] [1791369400.431195504] [moveit_robot_model.robot_model]: No root/virtual joint specified in SRDF. Assuming fixed joint
[WARN] [1791369400.438051193] [moveit.ompl_planning.model_based_planning_context]: It looks like the planning volume was not specified.
[INFO] [1791369400.438534112] [moveit.ompl_planning.model_based_planning_context]: Planner configuration 'arm[RRTConnect]' will use planner 'geometric::RRTConnect'. Additional configuration parameters will be set when the planner is constructed.
{
	"budget_s" : 1.0,
	"collision_checked_states" : 518,
	"collision_valid" : true,
	"execution_completed" : true,
	"execution_error" : "",
	"execution_sim_s" : 9.0610000000004174,
	"execution_wall_s" : 1.1934060150000001,
	"goal_valid" : true,
	"moveit_code" : 1,
	"path_length_rad" : 5.2499630670256643,
	"planner" : "RRTConnect",
	"planner_reported_s" : 0.014432389,
	"planning_success" : true,
	"planning_wall_s" : 0.014606305999999999,
	"process_wall_s" : 1.2584974229999999,
	"scene" : 5,
	"scene_name" : "narrow_passage",
	"seed" : 1000,
	"simulation_only" : true,
	"start_valid" : true,
	"status" : "success",
	"status_label" : "MEASURED",
	"tracking_max_rad" : 0.34876378441852629,
	"tracking_p95_rad" : 0.15311132792544851,
	"tracking_rmse_rad" : 0.070759978579515798,
	"tracking_samples" : 5442,
	"waypoints" : 81
}
