[INFO] [1791369402.380092581] [moveit_robot_model.robot_model]: Loading robot model 'evidence_arm'...
[INFO] [1791369402.380142954] [moveit_robot_model.robot_model]: No root/virtual joint specified in SRDF. Assuming fixed joint
[WARN] [1791369402.386910286] [moveit.ompl_planning.model_based_planning_context]: It looks like the planning volume was not specified.
[INFO] [1791369402.387202999] [moveit.ompl_planning.model_based_planning_context]: Planner configuration 'arm[RRTConnect]' will use planner 'geometric::RRTConnect'. Additional configuration parameters will be set when the planner is constructed.
{
	"budget_s" : 1.0,
	"collision_checked_states" : 604,
	"collision_valid" : true,
	"execution_completed" : true,
	"execution_error" : "",
	"execution_sim_s" : 10.507999999999615,
	"execution_wall_s" : 1.3652458329999999,
	"goal_valid" : true,
	"moveit_code" : 1,
	"path_length_rad" : 6.4139107844853385,
	"planner" : "RRTConnect",
	"planner_reported_s" : 0.0063034079999999999,
	"planning_success" : true,
	"planning_wall_s" : 0.0065266430000000004,
	"process_wall_s" : 1.416884174,
	"scene" : 5,
	"scene_name" : "narrow_passage",
	"seed" : 1001,
	"simulation_only" : true,
	"start_valid" : true,
	"status" : "success",
	"status_label" : "MEASURED",
	"tracking_max_rad" : 0.14138277514603964,
	"tracking_p95_rad" : 0.13007379917742334,
	"tracking_rmse_rad" : 0.054606752152029557,
	"tracking_samples" : 6306,
	"waypoints" : 96
}
