[INFO] [1791369413.242005871] [moveit_robot_model.robot_model]: Loading robot model 'evidence_arm'...
[INFO] [1791369413.242056898] [moveit_robot_model.robot_model]: No root/virtual joint specified in SRDF. Assuming fixed joint
[WARN] [1791369413.248251784] [moveit.ompl_planning.model_based_planning_context]: It looks like the planning volume was not specified.
[INFO] [1791369413.248505152] [moveit.ompl_planning.model_based_planning_context]: Planner configuration 'arm[PRM]' will use planner 'geometric::PRM'. Additional configuration parameters will be set when the planner is constructed.
{
	"budget_s" : 1.0,
	"collision_checked_states" : 150,
	"collision_valid" : true,
	"execution_completed" : true,
	"execution_error" : "",
	"execution_sim_s" : 3.4149999999997349,
	"execution_wall_s" : 0.63144537199999995,
	"goal_valid" : true,
	"moveit_code" : 1,
	"path_length_rad" : 1.3228783476665811,
	"planner" : "PRM",
	"planner_reported_s" : 0.002212328,
	"planning_success" : true,
	"planning_wall_s" : 0.0022592789999999999,
	"process_wall_s" : 0.67624904600000002,
	"scene" : 6,
	"scene_name" : "overhead_shelf",
	"seed" : 1001,
	"simulation_only" : true,
	"start_valid" : true,
	"status" : "success",
	"status_label" : "MEASURED",
	"tracking_max_rad" : 0.11564294667469799,
	"tracking_p95_rad" : 0.097842562712748715,
	"tracking_rmse_rad" : 0.049903429162527463,
	"tracking_samples" : 2052,
	"waypoints" : 16
}
