[INFO] [1791369410.140360839] [moveit_robot_model.robot_model]: Loading robot model 'evidence_arm'...
[INFO] [1791369410.140441811] [moveit_robot_model.robot_model]: No root/virtual joint specified in SRDF. Assuming fixed joint
[WARN] [1791369410.151631049] [moveit.ompl_planning.model_based_planning_context]: It looks like the planning volume was not specified.
[INFO] [1791369410.151974631] [moveit.ompl_planning.model_based_planning_context]: Planner configuration 'arm[RRTConnect]' will use planner 'geometric::RRTConnect'. Additional configuration parameters will be set when the planner is constructed.
{
	"budget_s" : 1.0,
	"collision_checked_states" : 135,
	"collision_valid" : true,
	"execution_completed" : true,
	"execution_error" : "",
	"execution_sim_s" : 3.3999999999997366,
	"execution_wall_s" : 0.60966443100000001,
	"goal_valid" : true,
	"moveit_code" : 1,
	"path_length_rad" : 1.322866516067893,
	"planner" : "RRTConnect",
	"planner_reported_s" : 0.012058587000000001,
	"planning_success" : true,
	"planning_wall_s" : 0.01213935,
	"process_wall_s" : 0.69621306000000005,
	"scene" : 6,
	"scene_name" : "overhead_shelf",
	"seed" : 1001,
	"simulation_only" : true,
	"start_valid" : true,
	"status" : "success",
	"status_label" : "MEASURED",
	"tracking_max_rad" : 0.11564294667469799,
	"tracking_p95_rad" : 0.097806062999135412,
	"tracking_rmse_rad" : 0.049923003793409915,
	"tracking_samples" : 2040,
	"waypoints" : 16
}
