[INFO] [1791369408.657248172] [moveit_robot_model.robot_model]: Loading robot model 'evidence_arm'...
[INFO] [1791369408.657306080] [moveit_robot_model.robot_model]: No root/virtual joint specified in SRDF. Assuming fixed joint
[WARN] [1791369408.663901034] [moveit.ompl_planning.model_based_planning_context]: It looks like the planning volume was not specified.
[INFO] [1791369408.664156248] [moveit.ompl_planning.model_based_planning_context]: Planner configuration 'arm[RRTConnect]' will use planner 'geometric::RRTConnect'. Additional configuration parameters will be set when the planner is constructed.
{
	"budget_s" : 1.0,
	"collision_checked_states" : 150,
	"collision_valid" : true,
	"execution_completed" : true,
	"execution_error" : "",
	"execution_sim_s" : 3.4149999999997349,
	"execution_wall_s" : 0.62276108699999999,
	"goal_valid" : true,
	"moveit_code" : 1,
	"path_length_rad" : 1.3228803029111027,
	"planner" : "RRTConnect",
	"planner_reported_s" : 0.001231081,
	"planning_success" : true,
	"planning_wall_s" : 0.001292381,
	"process_wall_s" : 0.67269691399999998,
	"scene" : 6,
	"scene_name" : "overhead_shelf",
	"seed" : 1000,
	"simulation_only" : true,
	"start_valid" : true,
	"status" : "success",
	"status_label" : "MEASURED",
	"tracking_max_rad" : 0.11564294667469799,
	"tracking_p95_rad" : 0.097842314643993733,
	"tracking_rmse_rad" : 0.049903342075473207,
	"tracking_samples" : 2052,
	"waypoints" : 16
}
