[INFO] [1791369422.271748963] [moveit_robot_model.robot_model]: Loading robot model 'evidence_arm'...
[INFO] [1791369422.271808281] [moveit_robot_model.robot_model]: No root/virtual joint specified in SRDF. Assuming fixed joint
{
	"budget_s" : 1.0,
	"collision_valid" : false,
	"execution_completed" : false,
	"goal_valid" : false,
	"planner" : "PRM",
	"planner_reported_s" : 0.0,
	"planning_success" : false,
	"planning_wall_s" : 0.0,
	"process_wall_s" : 0.034199457000000003,
	"scene" : 9,
	"scene_name" : "blocked_start",
	"seed" : 1000,
	"simulation_only" : true,
	"start_valid" : false,
	"status" : "invalid_start",
	"status_label" : "MEASURED"
}
